// Vitest Snapshot v1, https://vitest.dev/guide/snapshot.html

exports[`aws-sst-v4 catalog > matches snapshot 1`] = `
{
  "ai": {
    "accent": "bg-fuchsia-700",
    "category": "config",
    "component": "Anthropic (Claude)",
    "defaultName": "AnthropicKey",
    "description": "Streaming Claude chat — API key stored as an SST secret",
    "kind": "ai",
    "label": "AI Chat",
    "props": [
      {
        "default": "claude-opus-4-8",
        "key": "model",
        "label": "Model",
        "options": [
          {
            "label": "Claude Opus 4.8",
            "value": "claude-opus-4-8",
          },
          {
            "label": "Claude Sonnet 4.6",
            "value": "claude-sonnet-4-6",
          },
          {
            "label": "Claude Haiku 4.5",
            "value": "claude-haiku-4-5",
          },
        ],
        "type": "select",
      },
    ],
  },
  "bucket": {
    "accent": "bg-emerald-600",
    "category": "storage",
    "component": "sst.aws.Bucket",
    "defaultName": "Bucket",
    "description": "S3 bucket for object storage / uploads",
    "kind": "bucket",
    "label": "Bucket",
    "props": [
      {
        "default": "none",
        "key": "access",
        "label": "Public access",
        "options": [
          {
            "label": "Private (default)",
            "value": "none",
          },
          {
            "label": "Public",
            "value": "public",
          },
          {
            "label": "CloudFront",
            "value": "cloudfront",
          },
        ],
        "type": "select",
      },
    ],
  },
  "cron": {
    "accent": "bg-rose-600",
    "category": "schedule",
    "component": "sst.aws.CronV2",
    "defaultName": "Cron",
    "description": "Scheduled Lambda (CronV2 — not the deprecated Cron)",
    "kind": "cron",
    "label": "Cron",
    "props": [
      {
        "default": "rate(1 day)",
        "key": "schedule",
        "label": "Schedule",
        "placeholder": "rate(1 day) | cron(0 5 * * ? *)",
        "type": "text",
      },
    ],
  },
  "dynamo": {
    "accent": "bg-sky-600",
    "category": "database",
    "component": "sst.aws.Dynamo",
    "defaultName": "Table",
    "description": "DynamoDB table",
    "kind": "dynamo",
    "label": "Dynamo",
    "props": [
      {
        "default": "pk",
        "key": "hashKey",
        "label": "Partition key",
        "placeholder": "pk",
        "type": "text",
      },
      {
        "default": "sk",
        "key": "rangeKey",
        "label": "Sort key",
        "placeholder": "sk (optional)",
        "type": "text",
      },
    ],
  },
  "email": {
    "accent": "bg-orange-600",
    "category": "config",
    "component": "sst.aws.Email",
    "defaultName": "Mailer",
    "description": "Transactional email via Amazon SES",
    "kind": "email",
    "label": "Email",
    "props": [
      {
        "key": "sender",
        "label": "Sender (email or domain)",
        "placeholder": "noreply@example.com",
        "type": "text",
      },
    ],
  },
  "externalApi": {
    "accent": "bg-teal-600",
    "category": "network",
    "component": "External API (fetch)",
    "defaultName": "ExternalApi",
    "description": "Any third-party API — base URL + API key env vars",
    "kind": "externalApi",
    "label": "External API",
    "props": [
      {
        "default": "API_BASE_URL",
        "key": "baseUrlEnv",
        "label": "Base URL env var",
        "placeholder": "API_BASE_URL",
        "type": "text",
      },
      {
        "default": "API_KEY",
        "key": "keyEnv",
        "label": "API key env var",
        "placeholder": "API_KEY",
        "type": "text",
      },
    ],
  },
  "mongodb": {
    "accent": "bg-green-700",
    "category": "database",
    "component": "MongoDB (Atlas)",
    "defaultName": "Mongo",
    "description": "External MongoDB via DATABASE_URL (no AWS infra)",
    "kind": "mongodb",
    "label": "MongoDB",
  },
  "nextjs": {
    "accent": "bg-neutral-800",
    "category": "compute",
    "component": "sst.aws.Nextjs",
    "defaultName": "Web",
    "description": "Next.js app on AWS (OpenNext → Lambda/S3/CloudFront)",
    "kind": "nextjs",
    "label": "Next.js Web",
    "props": [
      {
        "default": ".",
        "key": "path",
        "label": "Path",
        "placeholder": ".",
        "type": "text",
      },
      {
        "key": "domain",
        "label": "Custom domain",
        "placeholder": "app.example.com",
        "type": "text",
      },
      {
        "key": "environment",
        "label": "Environment variables",
        "type": "keyvalue",
      },
    ],
    "singleton": true,
  },
  "postgres": {
    "accent": "bg-cyan-700",
    "category": "database",
    "component": "sst.aws.Postgres",
    "defaultName": "Database",
    "description": "RDS Postgres (a VPC is generated automatically)",
    "kind": "postgres",
    "label": "Postgres",
  },
  "queue": {
    "accent": "bg-amber-600",
    "category": "messaging",
    "component": "sst.aws.Queue",
    "defaultName": "Queue",
    "description": "SQS queue with a Lambda subscriber",
    "kind": "queue",
    "label": "Queue",
    "props": [
      {
        "default": false,
        "key": "fifo",
        "label": "FIFO queue",
        "type": "boolean",
      },
    ],
  },
  "secret": {
    "accent": "bg-stone-600",
    "category": "config",
    "component": "sst.Secret",
    "defaultName": "Secret",
    "description": "Encrypted secret, set via \`sst secret set\`",
    "kind": "secret",
    "label": "Secret",
  },
  "stripe": {
    "accent": "bg-indigo-600",
    "category": "config",
    "component": "Stripe (payments + webhook)",
    "defaultName": "Stripe",
    "description": "Stripe payments — generates a webhook route + env keys",
    "kind": "stripe",
    "label": "Stripe",
  },
  "worker": {
    "accent": "bg-violet-600",
    "category": "compute",
    "component": "sst.aws.Function",
    "defaultName": "Worker",
    "description": "Lambda function (queue subscriber / job handler)",
    "kind": "worker",
    "label": "Worker",
    "props": [
      {
        "default": "60 seconds",
        "key": "timeout",
        "label": "Timeout",
        "placeholder": "60 seconds",
        "type": "text",
      },
      {
        "help": "e.g. "1024 MB"",
        "key": "memory",
        "label": "Memory",
        "placeholder": "1024 MB",
        "type": "text",
      },
    ],
  },
}
`;
