// Vitest Snapshot v1, https://vitest.dev/guide/snapshot.html

exports[`aws-sst-v4 catalog > matches snapshot 1`] = `
{
  "ai": {
    "accent": "bg-fuchsia-700",
    "category": "config",
    "component": "Anthropic (Claude)",
    "defaultName": "AnthropicKey",
    "description": "Streaming Claude chat — API key stored as an SST secret",
    "kind": "ai",
    "label": "AI Chat",
    "props": [
      {
        "default": "claude-opus-4-8",
        "key": "model",
        "label": "Model",
        "options": [
          {
            "label": "Claude Opus 4.8",
            "value": "claude-opus-4-8",
          },
          {
            "label": "Claude Sonnet 4.6",
            "value": "claude-sonnet-4-6",
          },
          {
            "label": "Claude Haiku 4.5",
            "value": "claude-haiku-4-5",
          },
        ],
        "type": "select",
      },
    ],
  },
  "apigatewayv2": {
    "accent": "bg-sky-600",
    "category": "network",
    "component": "sst.aws.ApiGatewayV2",
    "defaultName": "Api",
    "description": "HTTP API Gateway — workers handle routes (METHOD /path)",
    "kind": "apigatewayv2",
    "label": "HTTP API",
  },
  "aurora": {
    "accent": "bg-cyan-800",
    "category": "database",
    "component": "sst.aws.Aurora",
    "defaultName": "Database",
    "description": "Aurora Postgres Serverless v2 (auto-scaling; a VPC is generated)",
    "kind": "aurora",
    "label": "Aurora",
    "props": [
      {
        "default": "none",
        "help": "Same VPC/NAT behavior as Postgres — no NAT by default; the export auto-adds fck-nat when app code queries this database.",
        "key": "nat",
        "label": "NAT (internet from private subnets)",
        "options": [
          {
            "label": "None — cheapest, no internet egress",
            "value": "none",
          },
          {
            "label": "fck-nat EC2 — ~$4/mo (≈10× cheaper)",
            "value": "ec2",
          },
          {
            "label": "Managed NAT Gateway — ~$32/mo/AZ",
            "value": "managed",
          },
        ],
        "type": "select",
      },
    ],
  },
  "bucket": {
    "accent": "bg-emerald-600",
    "category": "storage",
    "component": "sst.aws.Bucket",
    "defaultName": "Bucket",
    "description": "S3 bucket for object storage / uploads",
    "kind": "bucket",
    "label": "Bucket",
    "props": [
      {
        "default": "none",
        "key": "access",
        "label": "Public access",
        "options": [
          {
            "label": "Private (default)",
            "value": "none",
          },
          {
            "label": "Public",
            "value": "public",
          },
          {
            "label": "CloudFront",
            "value": "cloudfront",
          },
        ],
        "type": "select",
      },
      {
        "help": "Path pattern when a Router serves this bucket. Requires access: CloudFront.",
        "key": "routePath",
        "label": "Router path (when routed)",
        "placeholder": "/files",
        "type": "text",
      },
    ],
  },
  "bus": {
    "accent": "bg-amber-500",
    "category": "messaging",
    "component": "sst.aws.Bus",
    "defaultName": "Bus",
    "description": "EventBridge bus — pub/sub events to Lambda subscribers",
    "kind": "bus",
    "label": "Event Bus",
  },
  "clerk": {
    "accent": "bg-purple-700",
    "category": "config",
    "component": "Clerk (auth)",
    "defaultName": "Clerk",
    "description": "Drop-in auth — middleware + env keys (easiest for vibe coders)",
    "kind": "clerk",
    "label": "Clerk Auth",
  },
  "cognito": {
    "accent": "bg-amber-700",
    "category": "config",
    "component": "sst.aws.CognitoUserPool",
    "defaultName": "AuthPool",
    "description": "AWS Cognito user pool + web client (auth)",
    "kind": "cognito",
    "label": "Cognito Auth",
  },
  "cron": {
    "accent": "bg-rose-600",
    "category": "schedule",
    "component": "sst.aws.CronV2",
    "defaultName": "Cron",
    "description": "Scheduled Lambda (CronV2 — not the deprecated Cron)",
    "kind": "cron",
    "label": "Cron",
    "props": [
      {
        "default": "rate(1 day)",
        "key": "schedule",
        "label": "Schedule",
        "placeholder": "rate(1 day) | cron(0 5 * * ? *)",
        "type": "text",
      },
    ],
  },
  "dynamo": {
    "accent": "bg-sky-600",
    "category": "database",
    "component": "sst.aws.Dynamo",
    "defaultName": "Table",
    "description": "DynamoDB table",
    "kind": "dynamo",
    "label": "Dynamo",
    "props": [
      {
        "default": "pk",
        "key": "hashKey",
        "label": "Partition key",
        "placeholder": "pk",
        "type": "text",
      },
      {
        "default": "sk",
        "key": "rangeKey",
        "label": "Sort key",
        "placeholder": "sk (optional)",
        "type": "text",
      },
      {
        "help": "Adds a global secondary index for querying by a non-key attribute.",
        "key": "gsiName",
        "label": "GSI name (optional)",
        "placeholder": "byStatus",
        "type": "text",
      },
      {
        "key": "gsiHashKey",
        "label": "GSI partition key",
        "placeholder": "status",
        "type": "text",
      },
      {
        "key": "gsiRangeKey",
        "label": "GSI sort key (optional)",
        "placeholder": "createdAt",
        "type": "text",
      },
      {
        "default": "none",
        "help": "Enable a change stream so a Worker can subscribe to inserts/updates/deletes. Auto-enabled when a subscriber is wired.",
        "key": "stream",
        "label": "Stream",
        "options": [
          {
            "label": "Off",
            "value": "none",
          },
          {
            "label": "New + old images",
            "value": "new-and-old-images",
          },
          {
            "label": "New image",
            "value": "new-image",
          },
          {
            "label": "Old image",
            "value": "old-image",
          },
          {
            "label": "Keys only",
            "value": "keys-only",
          },
        ],
        "type": "select",
      },
    ],
  },
  "email": {
    "accent": "bg-orange-600",
    "category": "config",
    "component": "sst.aws.Email",
    "defaultName": "Mailer",
    "description": "Transactional email via Amazon SES",
    "kind": "email",
    "label": "Email",
    "props": [
      {
        "key": "sender",
        "label": "Sender (email or domain)",
        "placeholder": "noreply@example.com",
        "type": "text",
      },
    ],
  },
  "externalApi": {
    "accent": "bg-teal-600",
    "category": "network",
    "component": "External API (fetch)",
    "defaultName": "ExternalApi",
    "description": "Any third-party API — base URL + API key env vars",
    "kind": "externalApi",
    "label": "External API",
    "props": [
      {
        "default": "API_BASE_URL",
        "key": "baseUrlEnv",
        "label": "Base URL env var",
        "placeholder": "API_BASE_URL",
        "type": "text",
      },
      {
        "default": "API_KEY",
        "key": "keyEnv",
        "label": "API key env var",
        "placeholder": "API_KEY",
        "type": "text",
      },
    ],
  },
  "mongodb": {
    "accent": "bg-green-700",
    "category": "database",
    "component": "MongoDB (Atlas)",
    "defaultName": "Mongo",
    "description": "External MongoDB via DATABASE_URL (no AWS infra)",
    "kind": "mongodb",
    "label": "MongoDB",
  },
  "nextjs": {
    "accent": "bg-neutral-800",
    "category": "compute",
    "component": "sst.aws.Nextjs",
    "defaultName": "Web",
    "description": "Next.js app on AWS (OpenNext → Lambda/S3/CloudFront)",
    "kind": "nextjs",
    "label": "Next.js Web",
    "props": [
      {
        "default": ".",
        "key": "path",
        "label": "Path",
        "placeholder": ".",
        "type": "text",
      },
      {
        "key": "domain",
        "label": "Custom domain",
        "placeholder": "app.example.com",
        "type": "text",
      },
      {
        "key": "environment",
        "label": "Environment variables",
        "type": "keyvalue",
      },
    ],
    "singleton": true,
  },
  "postgres": {
    "accent": "bg-cyan-700",
    "category": "database",
    "component": "sst.aws.Postgres",
    "defaultName": "Database",
    "description": "RDS Postgres (a VPC is generated automatically)",
    "kind": "postgres",
    "label": "Postgres",
    "props": [
      {
        "default": "none",
        "help": "SST VPCs have no NAT by default. When app code queries this database it joins the VPC, and the export auto-adds fck-nat (nat: "ec2", ~$4/mo) so those Lambdas keep internet egress. Pick managed only for heavy egress.",
        "key": "nat",
        "label": "NAT (internet from private subnets)",
        "options": [
          {
            "label": "None — cheapest, no internet egress",
            "value": "none",
          },
          {
            "label": "fck-nat EC2 — ~$4/mo (≈10× cheaper)",
            "value": "ec2",
          },
          {
            "label": "Managed NAT Gateway — ~$32/mo/AZ",
            "value": "managed",
          },
        ],
        "type": "select",
      },
    ],
  },
  "queue": {
    "accent": "bg-amber-600",
    "category": "messaging",
    "component": "sst.aws.Queue",
    "defaultName": "Queue",
    "description": "SQS queue with a Lambda subscriber (connect queue → queue for a DLQ)",
    "kind": "queue",
    "label": "Queue",
    "props": [
      {
        "default": false,
        "key": "fifo",
        "label": "FIFO queue",
        "type": "boolean",
      },
      {
        "help": "Defaults to 6× the largest subscriber timeout (AWS requires ≥ the subscriber timeout). Set to override.",
        "key": "visibilityTimeout",
        "label": "Visibility timeout",
        "placeholder": "360 seconds",
        "type": "text",
      },
    ],
  },
  "redis": {
    "accent": "bg-red-700",
    "category": "database",
    "component": "sst.aws.Redis",
    "defaultName": "Cache",
    "description": "ElastiCache Redis/Valkey (in-VPC; cluster-mode; a VPC is generated)",
    "kind": "redis",
    "label": "Redis",
    "props": [
      {
        "default": "redis",
        "help": "ElastiCache engine. Valkey is the AWS/Linux-Foundation Redis fork — cheaper, wire-compatible. Cluster mode is on by default, so the runtime uses ioredis Cluster + TLS.",
        "key": "engine",
        "label": "Engine",
        "options": [
          {
            "label": "Redis (OSS 7.1)",
            "value": "redis",
          },
          {
            "label": "Valkey 7.2 — ~20% cheaper",
            "value": "valkey",
          },
        ],
        "type": "select",
      },
    ],
  },
  "router": {
    "accent": "bg-indigo-500",
    "category": "network",
    "component": "sst.aws.Router",
    "defaultName": "Router",
    "description": "CloudFront front-door that routes paths to buckets / static sites",
    "kind": "router",
    "label": "Router",
    "props": [
      {
        "key": "domain",
        "label": "Custom domain",
        "placeholder": "example.com",
        "type": "text",
      },
    ],
  },
  "secret": {
    "accent": "bg-stone-600",
    "category": "config",
    "component": "sst.Secret",
    "defaultName": "Secret",
    "description": "Encrypted secret, set via \`sst secret set\`",
    "kind": "secret",
    "label": "Secret",
  },
  "snstopic": {
    "accent": "bg-rose-500",
    "category": "messaging",
    "component": "sst.aws.SnsTopic",
    "defaultName": "Topic",
    "description": "SNS topic — fan-out messages to subscribers",
    "kind": "snstopic",
    "label": "SNS Topic",
    "props": [
      {
        "default": false,
        "key": "fifo",
        "label": "FIFO topic",
        "type": "boolean",
      },
    ],
  },
  "staticsite": {
    "accent": "bg-slate-700",
    "category": "compute",
    "component": "sst.aws.StaticSite",
    "defaultName": "Site",
    "description": "Static / SPA site on its own CloudFront (S3 + CDN)",
    "kind": "staticsite",
    "label": "Static Site",
    "props": [
      {
        "default": ".",
        "key": "path",
        "label": "Path",
        "placeholder": "packages/web",
        "type": "text",
      },
      {
        "key": "buildCommand",
        "label": "Build command",
        "placeholder": "npm run build",
        "type": "text",
      },
      {
        "key": "buildOutput",
        "label": "Build output dir",
        "placeholder": "dist",
        "type": "text",
      },
      {
        "help": "Path pattern when a Router serves this site.",
        "key": "routePath",
        "label": "Router path (when routed)",
        "placeholder": "/docs",
        "type": "text",
      },
    ],
  },
  "stripe": {
    "accent": "bg-indigo-600",
    "category": "config",
    "component": "Stripe (payments + webhook)",
    "defaultName": "Stripe",
    "description": "Stripe payments — generates a webhook route + env keys",
    "kind": "stripe",
    "label": "Stripe",
  },
  "worker": {
    "accent": "bg-violet-600",
    "category": "compute",
    "component": "sst.aws.Function",
    "defaultName": "Worker",
    "description": "Lambda function (queue subscriber / job / API route handler)",
    "kind": "worker",
    "label": "Worker",
    "props": [
      {
        "default": "60 seconds",
        "key": "timeout",
        "label": "Timeout",
        "placeholder": "60 seconds",
        "type": "text",
      },
      {
        "help": "e.g. "1024 MB"",
        "key": "memory",
        "label": "Memory",
        "placeholder": "1024 MB",
        "type": "text",
      },
      {
        "default": "GET /",
        "key": "route",
        "label": "API route (when wired to an HTTP API)",
        "placeholder": "POST /webhooks/stripe",
        "type": "text",
      },
    ],
  },
}
`;
